// Jest Snapshot v1, https://goo.gl/fbAQLP

exports[`SearchBar should match snapshot 1`] = `
<DocumentFragment>
  <div
    class="MuiGrid-root MuiGrid-container MuiGrid-direction-xs-column MuiGrid-align-items-xs-center MuiGrid-justify-xs-center"
    style="padding: 2rem;"
  >
    <div
      class="MuiPaper-root SearchBar-root SearchBarcomponent__StyledSearchBar-sc-1icb8rc-0 fPthCZ MuiPaper-elevation1 MuiPaper-rounded"
    >
      <div
        class="MuiInputBase-root SearchBar-input"
        data-testid="SearchBar-input"
      >
        <input
          aria-label="search users or repos"
          class="MuiInputBase-input"
          data-testid="SearchBar-actualInput"
          placeholder="Search users or repos"
          type="text"
          value=""
        />
      </div>
      <button
        aria-label="search"
        class="MuiButtonBase-root MuiIconButton-root .SearchBar-iconButton"
        data-testid="SearchBar-searchButton"
        tabindex="0"
        type="button"
      >
        <span
          class="MuiIconButton-label"
        >
          <svg
            aria-hidden="true"
            class="MuiSvgIcon-root"
            focusable="false"
            viewBox="0 0 24 24"
          >
            <path
              d="M15.5 14h-.79l-.28-.27C15.41 12.59 16 11.11 16 9.5 16 5.91 13.09 3 9.5 3S3 5.91 3 9.5 5.91 16 9.5 16c1.61 0 3.09-.59 4.23-1.57l.27.28v.79l5 4.99L20.49 19l-4.99-5zm-6 0C7.01 14 5 11.99 5 9.5S7.01 5 9.5 5 14 7.01 14 9.5 11.99 14 9.5 14z"
            />
          </svg>
        </span>
        <span
          class="MuiTouchRipple-root"
        />
      </button>
    </div>
  </div>
</DocumentFragment>
`;
