// Jest Snapshot v1, https://goo.gl/fbAQLP

exports[`IssueCard should match snapshot 1`] = `
<DocumentFragment>
  <div
    class="MuiGrid-root MuiGrid-container MuiGrid-direction-xs-column MuiGrid-align-items-xs-center MuiGrid-justify-xs-center"
    style="padding: 2rem;"
  >
    <div
      class="MuiPaper-root MuiCard-root IssueCard-root IssueCardcomponent__StyledIssueCard-sc-1lg5wpy-0 etfYhE MuiPaper-elevation1 MuiPaper-rounded"
      data-testid="IssueCard-root"
    >
      <div
        class="MuiCardHeader-root"
      >
        <div
          class="MuiCardHeader-avatar"
        >
          <svg
            aria-hidden="true"
            class="MuiSvgIcon-root MuiSvgIcon-colorError"
            focusable="false"
            title="Issue Open"
            viewBox="0 0 24 24"
          >
            <path
              d="M19 3h-4.18C14.4 1.84 13.3 1 12 1c-1.3 0-2.4.84-2.82 2H5c-1.1 0-2 .9-2 2v14c0 1.1.9 2 2 2h14c1.1 0 2-.9 2-2V5c0-1.1-.9-2-2-2zm-6 15h-2v-2h2v2zm0-4h-2V8h2v6zm-1-9c-.55 0-1-.45-1-1s.45-1 1-1 1 .45 1 1-.45 1-1 1z"
            />
          </svg>
        </div>
        <div
          class="MuiCardHeader-content"
        >
          <h6
            class="MuiTypography-root MuiTypography-h6"
          >
            <a
              class="MuiTypography-root MuiLink-root MuiLink-underlineHover MuiTypography-colorSecondary"
              href="https://github.com/facebook/react/issues/19245"
              target="_blank"
            >
              bug
            </a>
          </h6>
        </div>
      </div>
    </div>
  </div>
</DocumentFragment>
`;
